// Jest Snapshot v1, https://goo.gl/fbAQLP

exports[`Location form component Component renders correctly 1`] = `
<form
  onSubmit={[Function]}
>
  <label
    htmlFor="location"
  >
    Location
  </label>
  <select
    name="location"
    onChange={[Function]}
    value="San Francisco"
  >
    <option
      value="San Francisco"
    >
      San Francisco, CA
    </option>
    <option
      value="Amsterdam"
    >
      Amsterdam, Netherlands
    </option>
    <option
      value="Oakland"
    >
      Oakland, CA
    </option>
    <option
      value="Rome"
    >
      Rome, Italy
    </option>
    <option
      value="Cleveland"
    >
      Cleveland, OH
    </option>
    <option
      value="Tel Aviv"
    >
      Tel Aviv, Israel
    </option>
    <option
      value="New York"
    >
      New York City, NY
    </option>
    <option
      value="Murmansk"
    >
      Murmansk, Russia
    </option>
    <option
      value="Istanbul"
    >
      Istanbul, Turkey
    </option>
  </select>
  <p>
    <input
      className="btn"
      type="submit"
      value="Submit"
    />
  </p>
</form>
`;
